// Jest Snapshot v1, https://goo.gl/fbAQLP

exports[`Given the <Loading /> component When it renders, then Should match the snapshot 1`] = `
<span
  className="load-spiner"
/>
`;
